[2022-07-19T19:57:26.963+0000] Using G1
[2022-07-19T19:57:30.785+0000] GC(0) Pause Young (Concurrent Start) (Metadata GC Threshold) 367M->29M(5762M) 49.700ms
[2022-07-19T19:57:30.788+0000] GC(1) Concurrent Cycle
[2022-07-19T19:57:30.839+0000] GC(1) Pause Remark 36M->34M(5762M) 19.098ms
[2022-07-19T19:57:30.844+0000] GC(1) Pause Cleanup 35M->35M(5762M) 0.876ms
[2022-07-19T19:57:30.910+0000] GC(1) Concurrent Cycle 121.972ms
[2022-07-19T19:57:35.010+0000] GC(2) Pause Young (Concurrent Start) (Metadata GC Threshold) 525M->36M(5762M) 109.665ms
[2022-07-19T19:57:35.010+0000] GC(3) Concurrent Cycle
[2022-07-19T19:57:35.107+0000] GC(3) Pause Remark 42M->40M(5762M) 7.560ms
[2022-07-19T19:57:35.120+0000] GC(3) Pause Cleanup 42M->42M(5762M) 0.532ms
[2022-07-19T19:57:35.239+0000] GC(3) Concurrent Cycle 229.271ms
[2022-07-19T19:57:39.654+0000] GC(4) Pause Young (Concurrent Start) (Metadata GC Threshold) 414M->38M(5762M) 88.869ms
[2022-07-19T19:57:39.654+0000] GC(5) Concurrent Cycle
[2022-07-19T19:57:39.715+0000] GC(5) Pause Remark 41M->41M(5762M) 11.901ms
[2022-07-19T19:57:39.718+0000] GC(5) Pause Cleanup 41M->41M(5762M) 0.489ms
[2022-07-19T19:57:39.743+0000] GC(5) Concurrent Cycle 88.505ms
[2022-07-19T21:05:12.552+0000] GC(6) Pause Young (Normal) (G1 Evacuation Pause) 1028M->49M(5762M) 46.655ms
[2022-07-19T23:36:46.177+0000] GC(7) Pause Young (Normal) (G1 Evacuation Pause) 1029M->49M(5762M) 37.783ms
[2022-07-20T02:13:46.397+0000] GC(8) Pause Young (Normal) (G1 Evacuation Pause) 1029M->44M(5762M) 36.990ms
[2022-07-20T04:51:18.285+0000] GC(9) Pause Young (Normal) (G1 Evacuation Pause) 1028M->43M(5762M) 37.151ms
[2022-07-20T07:31:59.988+0000] GC(10) Pause Young (Normal) (G1 Evacuation Pause) 1029M->44M(5762M) 36.971ms
[2022-07-20T10:12:22.034+0000] GC(11) Pause Young (Normal) (G1 Evacuation Pause) 1028M->42M(5762M) 37.233ms
[2022-07-20T12:53:53.923+0000] GC(12) Pause Young (Normal) (G1 Evacuation Pause) 1028M->43M(5762M) 38.436ms
[2022-07-20T15:33:25.805+0000] GC(13) Pause Young (Normal) (G1 Evacuation Pause) 1029M->44M(5762M) 37.438ms
[2022-07-20T18:12:27.678+0000] GC(14) Pause Young (Normal) (G1 Evacuation Pause) 1028M->45M(5762M) 38.121ms
[2022-07-20T20:47:08.157+0000] GC(15) Pause Young (Normal) (G1 Evacuation Pause) 1029M->44M(5762M) 37.200ms
[2022-07-20T23:25:28.612+0000] GC(16) Pause Young (Normal) (G1 Evacuation Pause) 1028M->45M(5762M) 37.940ms
[2022-07-21T02:04:33.313+0000] GC(17) Pause Young (Normal) (G1 Evacuation Pause) 1029M->44M(5762M) 37.631ms
[2022-07-21T04:43:13.176+0000] GC(18) Pause Young (Normal) (G1 Evacuation Pause) 1028M->43M(5762M) 37.376ms
[2022-07-21T06:56:06.921+0000] GC(19) Pause Young (Normal) (G1 Evacuation Pause) 1035M->47M(5762M) 29.956ms
[2022-07-21T08:37:09.627+0000] GC(20) Pause Young (Normal) (G1 Evacuation Pause) 1045M->45M(5762M) 21.763ms
[2022-07-21T11:22:10.478+0000] GC(21) Pause Young (Normal) (G1 Evacuation Pause) 1055M->45M(5762M) 15.430ms
[2022-07-21T14:08:42.362+0000] GC(22) Pause Young (Normal) (G1 Evacuation Pause) 1065M->46M(5762M) 5.508ms
[2022-07-21T16:55:14.319+0000] GC(23) Pause Young (Normal) (G1 Evacuation Pause) 1068M->46M(5762M) 5.296ms
[2022-07-21T19:38:39.910+0000] GC(24) Pause Young (Normal) (G1 Evacuation Pause) 1068M->46M(5762M) 5.796ms
[2022-07-21T22:12:59.973+0000] GC(25) Pause Young (Normal) (G1 Evacuation Pause) 1068M->47M(5762M) 4.514ms
[2022-07-22T00:59:27.746+0000] GC(26) Pause Young (Normal) (G1 Evacuation Pause) 1067M->47M(5762M) 4.122ms
[2022-07-22T02:41:51.866+0000] GC(27) Pause Young (Normal) (G1 Evacuation Pause) 1067M->50M(5762M) 5.873ms
[2022-07-22T04:56:58.764+0000] GC(28) Pause Young (Normal) (G1 Evacuation Pause) 1068M->47M(5762M) 4.386ms
[2022-07-22T07:43:25.448+0000] GC(29) Pause Young (Normal) (G1 Evacuation Pause) 1067M->47M(5762M) 4.172ms
[2022-07-22T10:29:00.309+0000] GC(30) Pause Young (Normal) (G1 Evacuation Pause) 1067M->47M(5762M) 3.970ms
[2022-07-22T13:15:59.143+0000] GC(31) Pause Young (Normal) (G1 Evacuation Pause) 1067M->47M(5762M) 3.743ms
[2022-07-22T16:02:58.137+0000] GC(32) Pause Young (Normal) (G1 Evacuation Pause) 1067M->47M(5762M) 6.682ms
[2022-07-22T18:48:20.560+0000] GC(33) Pause Young (Normal) (G1 Evacuation Pause) 1067M->47M(5762M) 4.148ms
[2022-07-22T21:34:34.630+0000] GC(34) Pause Young (Normal) (G1 Evacuation Pause) 1067M->47M(5762M) 4.575ms
[2022-07-23T00:21:30.717+0000] GC(35) Pause Young (Normal) (G1 Evacuation Pause) 1067M->47M(5762M) 4.102ms
[2022-07-23T02:22:10.786+0000] GC(36) Pause Young (Normal) (G1 Evacuation Pause) 1067M->50M(5762M) 5.986ms
[2022-07-23T04:06:50.830+0000] GC(37) Pause Young (Normal) (G1 Evacuation Pause) 1068M->48M(5762M) 4.314ms
[2022-07-23T06:54:11.568+0000] GC(38) Pause Young (Normal) (G1 Evacuation Pause) 1068M->47M(5762M) 3.752ms
[2022-07-23T09:41:20.991+0000] GC(39) Pause Young (Normal) (G1 Evacuation Pause) 1069M->47M(5762M) 3.817ms
[2022-07-23T12:28:31.058+0000] GC(40) Pause Young (Normal) (G1 Evacuation Pause) 1069M->47M(5762M) 3.928ms
[2022-07-23T15:16:17.063+0000] GC(41) Pause Young (Normal) (G1 Evacuation Pause) 1069M->47M(5762M) 3.495ms
[2022-07-23T18:03:21.196+0000] GC(42) Pause Young (Normal) (G1 Evacuation Pause) 1069M->47M(5762M) 3.411ms
[2022-07-23T20:50:31.293+0000] GC(43) Pause Young (Normal) (G1 Evacuation Pause) 1069M->47M(5762M) 5.733ms
[2022-07-23T23:37:31.350+0000] GC(44) Pause Young (Normal) (G1 Evacuation Pause) 1069M->47M(5762M) 3.438ms
[2022-07-24T02:24:41.427+0000] GC(45) Pause Young (Normal) (G1 Evacuation Pause) 1069M->47M(5762M) 3.283ms
[2022-07-24T05:11:56.354+0000] GC(46) Pause Young (Normal) (G1 Evacuation Pause) 1069M->47M(5762M) 4.753ms
[2022-07-24T07:59:01.549+0000] GC(47) Pause Young (Normal) (G1 Evacuation Pause) 1069M->47M(5762M) 3.766ms
[2022-07-24T10:46:30.075+0000] GC(48) Pause Young (Normal) (G1 Evacuation Pause) 1069M->47M(5762M) 3.349ms
[2022-07-24T13:34:01.952+0000] GC(49) Pause Young (Normal) (G1 Evacuation Pause) 1069M->47M(5762M) 3.164ms
[2022-07-24T16:21:06.059+0000] GC(50) Pause Young (Normal) (G1 Evacuation Pause) 1069M->47M(5762M) 3.153ms
[2022-07-24T19:08:06.636+0000] GC(51) Pause Young (Normal) (G1 Evacuation Pause) 1069M->47M(5762M) 3.191ms
[2022-07-24T21:43:07.613+0000] GC(52) Pause Young (Normal) (G1 Evacuation Pause) 1069M->49M(5762M) 3.913ms
[2022-07-24T23:52:11.986+0000] GC(53) Pause Young (Normal) (G1 Evacuation Pause) 1069M->50M(5762M) 4.569ms
[2022-07-25T01:19:11.142+0000] GC(54) Pause Young (Normal) (G1 Evacuation Pause) 1070M->56M(5762M) 7.625ms
[2022-07-25T03:00:03.870+0000] GC(55) Pause Young (Normal) (G1 Evacuation Pause) 1070M->57M(5762M) 10.012ms
[2022-07-25T04:45:44.792+0000] GC(56) Pause Young (Normal) (G1 Evacuation Pause) 1071M->57M(5762M) 7.138ms
[2022-07-25T06:30:46.674+0000] GC(57) Pause Young (Normal) (G1 Evacuation Pause) 1071M->57M(5762M) 7.644ms
[2022-07-25T08:15:48.556+0000] GC(58) Pause Young (Normal) (G1 Evacuation Pause) 1071M->57M(5762M) 7.515ms
[2022-07-25T10:01:20.384+0000] GC(59) Pause Young (Normal) (G1 Evacuation Pause) 1071M->57M(5762M) 7.260ms
[2022-07-25T11:45:52.225+0000] GC(60) Pause Young (Normal) (G1 Evacuation Pause) 1071M->57M(5762M) 10.044ms
[2022-07-25T12:29:53.765+0000] GC(61) Pause Young (Normal) (G1 Evacuation Pause) 1071M->59M(5762M) 9.057ms
[2022-07-25T14:01:02.337+0000] GC(62) Pause Young (Normal) (G1 Evacuation Pause) 1071M->52M(5762M) 5.083ms
[2022-07-25T16:45:57.138+0000] GC(63) Pause Young (Normal) (G1 Evacuation Pause) 1070M->52M(5762M) 4.924ms
[2022-07-25T19:29:21.400+0000] GC(64) Pause Young (Normal) (G1 Evacuation Pause) 1070M->52M(5762M) 5.349ms
[2022-07-25T22:11:42.581+0000] GC(65) Pause Young (Normal) (G1 Evacuation Pause) 1070M->52M(5762M) 5.723ms
[2022-07-26T00:52:02.568+0000] GC(66) Pause Young (Normal) (G1 Evacuation Pause) 1070M->53M(5762M) 5.593ms
[2022-07-26T03:36:42.724+0000] GC(67) Pause Young (Normal) (G1 Evacuation Pause) 1071M->52M(5762M) 5.755ms
[2022-07-26T06:20:36.187+0000] GC(68) Pause Young (Normal) (G1 Evacuation Pause) 1070M->53M(5762M) 5.391ms
[2022-07-26T08:36:37.945+0000] GC(69) Pause Young (Normal) (G1 Evacuation Pause) 1071M->61M(5762M) 11.396ms
[2022-07-26T09:39:39.626+0000] GC(70) Pause Young (Normal) (G1 Evacuation Pause) 1071M->62M(5762M) 9.983ms
[2022-07-26T10:45:16.159+0000] GC(71) Pause Young (Normal) (G1 Evacuation Pause) 1072M->61M(5762M) 9.699ms
[2022-07-26T11:35:12.767+0000] GC(72) Pause Young (Normal) (G1 Evacuation Pause) 1071M->59M(5762M) 7.537ms
[2022-07-26T14:16:19.351+0000] GC(73) Pause Young (Normal) (G1 Evacuation Pause) 1073M->57M(5762M) 6.778ms
[2022-07-26T16:20:46.270+0000] GC(74) Pause Young (Normal) (G1 Evacuation Pause) 1073M->62M(5762M) 9.655ms
[2022-07-26T17:41:47.945+0000] GC(75) Pause Young (Normal) (G1 Evacuation Pause) 1072M->60M(5762M) 7.591ms
[2022-07-26T19:28:19.729+0000] GC(76) Pause Young (Normal) (G1 Evacuation Pause) 1072M->62M(5762M) 9.993ms
[2022-07-26T20:38:51.326+0000] GC(77) Pause Young (Normal) (G1 Evacuation Pause) 1074M->58M(5762M) 5.678ms
[2022-07-26T23:18:53.249+0000] GC(78) Pause Young (Normal) (G1 Evacuation Pause) 1074M->58M(5762M) 5.925ms
[2022-07-27T02:09:31.223+0000] GC(79) Pause Young (Normal) (G1 Evacuation Pause) 1074M->58M(5762M) 5.815ms
[2022-07-27T04:58:01.671+0000] GC(80) Pause Young (Normal) (G1 Evacuation Pause) 1074M->58M(5762M) 5.888ms
[2022-07-27T07:47:03.480+0000] GC(81) Pause Young (Normal) (G1 Evacuation Pause) 1074M->58M(5762M) 5.919ms
[2022-07-27T10:35:46.240+0000] GC(82) Pause Young (Normal) (G1 Evacuation Pause) 1076M->58M(5762M) 5.560ms
[2022-07-27T13:18:33.607+0000] GC(83) Pause Young (Normal) (G1 Evacuation Pause) 1076M->58M(5762M) 5.658ms
[2022-07-27T16:07:19.139+0000] GC(84) Pause Young (Normal) (G1 Evacuation Pause) 1074M->58M(5762M) 6.617ms
[2022-07-27T18:54:23.439+0000] GC(85) Pause Young (Normal) (G1 Evacuation Pause) 1076M->59M(5762M) 5.854ms
[2022-07-27T21:44:08.090+0000] GC(86) Pause Young (Normal) (G1 Evacuation Pause) 1077M->58M(5762M) 5.464ms
[2022-07-28T00:31:23.897+0000] GC(87) Pause Young (Normal) (G1 Evacuation Pause) 1078M->59M(5762M) 4.656ms
[2022-07-28T03:21:03.984+0000] GC(88) Pause Young (Normal) (G1 Evacuation Pause) 1079M->59M(5762M) 4.130ms
[2022-07-28T06:04:14.053+0000] GC(89) Pause Young (Normal) (G1 Evacuation Pause) 1079M->59M(5762M) 4.320ms
[2022-07-28T08:52:17.333+0000] GC(90) Pause Young (Normal) (G1 Evacuation Pause) 1079M->59M(5762M) 3.973ms
[2022-07-28T10:19:47.347+0000] GC(91) Pause Young (Normal) (G1 Evacuation Pause) 1079M->64M(5762M) 7.709ms
[2022-07-28T11:22:18.949+0000] GC(92) Pause Young (Normal) (G1 Evacuation Pause) 1080M->70M(5762M) 10.133ms
[2022-07-28T13:39:54.254+0000] GC(93) Pause Young (Normal) (G1 Evacuation Pause) 1080M->62M(5762M) 5.210ms
[2022-07-28T16:26:54.326+0000] GC(94) Pause Young (Normal) (G1 Evacuation Pause) 1080M->61M(5762M) 4.870ms
[2022-07-28T19:14:31.838+0000] GC(95) Pause Young (Normal) (G1 Evacuation Pause) 1079M->61M(5762M) 4.661ms
[2022-07-28T22:02:34.483+0000] GC(96) Pause Young (Normal) (G1 Evacuation Pause) 1081M->61M(5762M) 5.046ms
[2022-07-29T00:48:58.523+0000] GC(97) Pause Young (Normal) (G1 Evacuation Pause) 1079M->61M(5762M) 5.046ms
[2022-07-29T02:26:29.823+0000] GC(98) Pause Young (Normal) (G1 Evacuation Pause) 1081M->66M(5762M) 8.053ms
[2022-07-29T03:54:31.574+0000] GC(99) Pause Young (Normal) (G1 Evacuation Pause) 1080M->70M(5762M) 9.183ms
[2022-07-29T05:39:03.422+0000] GC(100) Pause Young (Normal) (G1 Evacuation Pause) 1080M->70M(5762M) 9.032ms
[2022-07-29T07:23:35.281+0000] GC(101) Pause Young (Normal) (G1 Evacuation Pause) 1080M->71M(5762M) 8.657ms
[2022-07-29T09:07:37.113+0000] GC(102) Pause Young (Normal) (G1 Evacuation Pause) 1081M->70M(5762M) 8.140ms
[2022-07-29T10:51:40.076+0000] GC(103) Pause Young (Normal) (G1 Evacuation Pause) 1082M->71M(5762M) 11.476ms
[2022-07-29T12:35:40.930+0000] GC(104) Pause Young (Normal) (G1 Evacuation Pause) 1081M->70M(5762M) 8.610ms
[2022-07-29T14:16:55.609+0000] GC(105) Pause Young (Normal) (G1 Evacuation Pause) 1082M->71M(5762M) 9.007ms
[2022-07-29T15:59:44.619+0000] GC(106) Pause Young (Normal) (G1 Evacuation Pause) 1081M->71M(5762M) 8.534ms
[2022-07-29T17:43:46.493+0000] GC(107) Pause Young (Normal) (G1 Evacuation Pause) 1083M->72M(5762M) 8.510ms
[2022-07-29T19:25:48.327+0000] GC(108) Pause Young (Normal) (G1 Evacuation Pause) 1084M->71M(5762M) 8.077ms
[2022-07-29T21:07:55.095+0000] GC(109) Pause Young (Normal) (G1 Evacuation Pause) 1083M->72M(5762M) 8.235ms
[2022-07-29T22:51:52.049+0000] GC(110) Pause Young (Normal) (G1 Evacuation Pause) 1084M->72M(5762M) 7.713ms
[2022-07-30T00:23:45.173+0000] GC(111) Pause Young (Normal) (G1 Evacuation Pause) 1084M->72M(5762M) 8.273ms
[2022-07-30T02:08:17.471+0000] GC(112) Pause Young (Normal) (G1 Evacuation Pause) 1084M->72M(5762M) 7.997ms
[2022-07-30T03:51:27.509+0000] GC(113) Pause Young (Normal) (G1 Evacuation Pause) 1084M->73M(5762M) 9.609ms
[2022-07-30T05:36:08.020+0000] GC(114) Pause Young (Normal) (G1 Evacuation Pause) 1089M->73M(5762M) 6.090ms
[2022-07-30T07:21:31.202+0000] GC(115) Pause Young (Normal) (G1 Evacuation Pause) 1093M->73M(5762M) 4.340ms
[2022-07-30T09:07:03.063+0000] GC(116) Pause Young (Normal) (G1 Evacuation Pause) 1093M->72M(5762M) 3.955ms
[2022-07-30T10:52:15.409+0000] GC(117) Pause Young (Normal) (G1 Evacuation Pause) 1092M->73M(5762M) 5.293ms
[2022-07-30T12:37:45.449+0000] GC(118) Pause Young (Normal) (G1 Evacuation Pause) 1093M->73M(5762M) 6.284ms
[2022-07-30T14:23:15.490+0000] GC(119) Pause Young (Normal) (G1 Evacuation Pause) 1093M->73M(5762M) 4.257ms
[2022-07-30T16:08:40.515+0000] GC(120) Pause Young (Normal) (G1 Evacuation Pause) 1093M->73M(5762M) 4.077ms
[2022-07-30T17:54:12.385+0000] GC(121) Pause Young (Normal) (G1 Evacuation Pause) 1093M->72M(5762M) 4.231ms
[2022-07-30T19:39:44.268+0000] GC(122) Pause Young (Normal) (G1 Evacuation Pause) 1092M->72M(5762M) 3.871ms
[2022-07-30T21:24:50.461+0000] GC(123) Pause Young (Normal) (G1 Evacuation Pause) 1092M->73M(5762M) 4.100ms
[2022-07-30T23:10:25.712+0000] GC(124) Pause Young (Normal) (G1 Evacuation Pause) 1093M->73M(5762M) 3.825ms
[2022-07-31T00:56:19.833+0000] GC(125) Pause Young (Normal) (G1 Evacuation Pause) 1095M->72M(5762M) 3.632ms
[2022-07-31T02:42:21.748+0000] GC(126) Pause Young (Normal) (G1 Evacuation Pause) 1094M->72M(5762M) 3.701ms
[2022-07-31T04:27:23.635+0000] GC(127) Pause Young (Normal) (G1 Evacuation Pause) 1094M->73M(5762M) 3.230ms
[2022-07-31T06:12:55.888+0000] GC(128) Pause Young (Normal) (G1 Evacuation Pause) 1095M->73M(5762M) 3.300ms
[2022-07-31T07:58:27.433+0000] GC(129) Pause Young (Normal) (G1 Evacuation Pause) 1095M->72M(5762M) 3.845ms
[2022-07-31T09:43:59.304+0000] GC(130) Pause Young (Normal) (G1 Evacuation Pause) 1094M->72M(5762M) 2.620ms
[2022-07-31T11:29:31.176+0000] GC(131) Pause Young (Normal) (G1 Evacuation Pause) 1094M->72M(5762M) 2.822ms
[2022-07-31T13:15:03.081+0000] GC(132) Pause Young (Normal) (G1 Evacuation Pause) 1094M->73M(5762M) 3.012ms
[2022-07-31T15:00:06.108+0000] GC(133) Pause Young (Normal) (G1 Evacuation Pause) 1095M->73M(5762M) 3.426ms
[2022-07-31T16:46:06.152+0000] GC(134) Pause Young (Normal) (G1 Evacuation Pause) 1095M->73M(5762M) 3.260ms
[2022-07-31T18:31:26.206+0000] GC(135) Pause Young (Normal) (G1 Evacuation Pause) 1095M->73M(5762M) 3.666ms
[2022-07-31T20:17:10.519+0000] GC(136) Pause Young (Normal) (G1 Evacuation Pause) 1095M->73M(5762M) 3.200ms
[2022-07-31T22:02:46.292+0000] GC(137) Pause Young (Normal) (G1 Evacuation Pause) 1095M->73M(5762M) 3.218ms
[2022-07-31T23:48:36.344+0000] GC(138) Pause Young (Normal) (G1 Evacuation Pause) 1095M->73M(5762M) 3.270ms
[2022-08-01T01:33:16.390+0000] GC(139) Pause Young (Normal) (G1 Evacuation Pause) 1095M->73M(5762M) 3.223ms
[2022-08-01T03:17:56.431+0000] GC(140) Pause Young (Normal) (G1 Evacuation Pause) 1095M->73M(5762M) 3.421ms
[2022-08-01T04:59:16.481+0000] GC(141) Pause Young (Normal) (G1 Evacuation Pause) 1095M->73M(5762M) 4.187ms
[2022-08-01T06:44:51.635+0000] GC(142) Pause Young (Normal) (G1 Evacuation Pause) 1095M->72M(5762M) 2.922ms
[2022-08-01T08:30:26.575+0000] GC(143) Pause Young (Normal) (G1 Evacuation Pause) 1094M->73M(5762M) 3.239ms
[2022-08-01T10:16:25.518+0000] GC(144) Pause Young (Normal) (G1 Evacuation Pause) 1095M->73M(5762M) 3.441ms
[2022-08-01T12:00:27.461+0000] GC(145) Pause Young (Normal) (G1 Evacuation Pause) 1095M->73M(5762M) 4.077ms
[2022-08-01T13:45:59.399+0000] GC(146) Pause Young (Normal) (G1 Evacuation Pause) 1095M->73M(5762M) 3.268ms
[2022-08-01T15:31:01.336+0000] GC(147) Pause Young (Normal) (G1 Evacuation Pause) 1095M->72M(5762M) 3.115ms
[2022-08-01T17:17:03.240+0000] GC(148) Pause Young (Normal) (G1 Evacuation Pause) 1094M->73M(5762M) 3.069ms
[2022-08-01T19:01:06.857+0000] GC(149) Pause Young (Normal) (G1 Evacuation Pause) 1095M->73M(5762M) 4.195ms
[2022-08-01T20:44:36.900+0000] GC(150) Pause Young (Normal) (G1 Evacuation Pause) 1095M->73M(5762M) 3.813ms
[2022-08-01T22:11:26.943+0000] GC(151) Pause Young (Normal) (G1 Evacuation Pause) 1095M->74M(5762M) 4.062ms
[2022-08-01T23:48:43.278+0000] GC(152) Pause Young (Normal) (G1 Evacuation Pause) 1094M->73M(5762M) 3.626ms
[2022-08-02T01:34:42.574+0000] GC(153) Pause Young (Normal) (G1 Evacuation Pause) 1095M->73M(5762M) 3.653ms
[2022-08-02T03:20:07.067+0000] GC(154) Pause Young (Normal) (G1 Evacuation Pause) 1095M->73M(5762M) 3.992ms
[2022-08-02T05:05:46.336+0000] GC(155) Pause Young (Normal) (G1 Evacuation Pause) 1095M->73M(5762M) 3.624ms
[2022-08-02T06:51:31.505+0000] GC(156) Pause Young (Normal) (G1 Evacuation Pause) 1095M->73M(5762M) 3.600ms
[2022-08-02T08:37:08.523+0000] GC(157) Pause Young (Normal) (G1 Evacuation Pause) 1095M->73M(5762M) 3.825ms
